32
0
16
12
1
4
5
6
7
0
32
0
0
0
0
0
0
0
0
0
0
0
0
0
0
0
0
0
0
0
0