32
0
1
2
3
4
5
6
7
1
0
0
1
2
13
3
-8
-2
1
0
0
0
0
0
0
0
0
0
0
0
0
0
0