32
0
1
0
0
0
0
0
0
0
0
0
0
0
0
0
0
0
0
0
0
0
0
0
0
0
0
0
0
0
0
0
0
0b00111111000000000000000000000000
0b00111111000000000000000000000000
0b00111111000000000000000000000000
0b00111111010000000000000000000000
0b00111111010000000000000000000000
0b00111111010000000000000000000000