32
1
1
2
3
4
5
6
7
8
9
10
11
12
-8
-4
-2
16
2
1
0
1
0
1
0
24
25
26
27
28
29
30
31