32
0
1
2
3
4
1
0
0
0
1
2
16843009
257
1
32
-2139029504
-32639
-128
32897
128
16843009
257
1
0
0
0
0
0
0
0
0
0